[level]
tileset = overworld.png
map     = ......................................................................................................
          ......................................................................................................
          ......................................................................................................
          ......................................................................................................
          ......................................................................................................
          ......................................................................................................
          ......................................................................................................
          ......................................................................................................
          ......................................................................................................
          ......................................................................................................
          ......................................................................................................
          ......................................................................................................
          ......................................................................................................
          ;;;;;;;;;.............................................................................................
          ........;;;;;;........................................................................................
          .............;;;;;;;;.................................................................................
          ....................;;;...............................................................................
          .....................;;;;.............................................................................
          ........................;;............................................................................
          .........................;............................................................................
          .........................;;;;;;;;;;;;;;;;;;;;;;;;;;;;;;;;;;;;;;;;;;;;;;;;;;;;;;;;.....................
          ............................;........................;;...............................................
          ............................;........................;;...............................................
          ............................;.........................;...............................................
          ..........................;;;.........................;...............................................
          ..........................;...........................;...............................................
          .........................;;...........................;...............................................
          ......................;;;;............................;...............................................
          ......................;...............................;...............................................
          ......................;...............................;...............................................
          ......................;...............................................................................
          ......................................................................................................
          ......................................................................................................
          ......................................................................................................
          ......................................................................................................
          ......................................................................................................
          ......................................................................................................

objects = ,,,,,,,,,,,,,,,,,,,,,,,,,,,,,,,,,,,,,,,,,,,,,,,,,,,,,,,,,,,,,,,,,,,,,,,,,,,,,,,,,,,,,,,,,,,,,,,,,,,,,,
          ,,,,,,,,,,,,,,,,,,,,,,,,,,,,,,,,,,,,,,,,,,,,,,,,,,,,,,,,,,,,,,,,,,,,,,,,,,,,,,,,,,,,,,,,,,,,,,,,,,,,,,
          ,,,,,,,,,,,,,,,,,,,,,,,,,,,,,,,,,,,,,,,,,,,,,,,,,,,,,,,,,,,,,,,,,,,,,,,,,,,,,,,,,,,,,,,,,,,,,,,,,,,,,,
          ,,,,,,,,,,,,,,,,,,,,,,,,,,,,,,,,,,,,,,,,,,,,,,,,,,,,,,,,,,,,,,,,,,,,,,,,,,,,,,,,,,,,,,,,,,,,,,,,,,,,,,
          ,,,,,,,,,,,a*,,,,,,,,,,,,,,,,,,,,,,,,,,,,,,,,,,,,,,,,,,,,,,,,,,,,,,,,,,,,,,,,,,,,,,,,,,,,,,,,,,,,,,,,,
          ,,,,,,,,,,,**,,,j*,,,,,,,a*,,,,,,,,,,,,,,,,,,,,,,,,,,,,,,,,,,,,,,,,,,,,,,,,,,,,,,,,,,,,,,,,,,,,,,,,,,,
          ,,,,,,,,a*,,,,,,**,a*,,,,**,,,,,,,,,,,,,,,,,,,,,,,,,,,,,,,,,,,,,,,,,,,,,,,,,,,,,,,,,,,,,,,,,,,,,,,,,,,
          ,,,,,,,,**,i*,,,,a***,i*,,,,,,,,,,,,,,,,,,,,,,,,,,,,,,,,,,,,,,,,,,,,,,,,,,,,,,,,,,,,,,,,,,,,,,,,,,,,,,
          ,,,,,,a*,,,**,,a***,,p**a*,,,,,,,,,,,,,,,,,,,,,,,,,,,,,,,,,,,,,,,,,,,,,,,,,,,,,,,,,,,,,,,,,,,,,,,,,,,,
          ,,,,,,**,,a*,a***,,a*,,,**l,,,,,,,,,,,,,,,,,,,,,,,,,,,,,,,,,,,,,,,,,,,,,,,,,,,,,,,,,,,,,,,,,,,,,,,,,,,
          ,,,,,,,,,,**,**v,,,**,a*,,,snh,,,,NS,,,,,,,,,,,,,,,,,,,,,,,,,,,,,,,,,,,,,,,,,,,,,,,,,,,,,,,,,,,,,,,,,,
          ,,,,,,,,,,,,,,,,b,a*,,**,,,R,,,,,,,R,,,,,,,,,,,,,,,,,,,,,,,,,,,,,,,,,,,,,,,,,,,,,,,,,,,,,,,,,,,,,,,,,,
          ,,,,,,,,,,,,,,,,,,**,,,,w,,R,*****,R,,,,,,,,,,,,,,,,,,,,,,,,,,,,,,,,,,,,,,,,,,,,,,,,,,,,,,,,,,,,,,,,,,
          ,,,,,,,,,,,,,,,,,,,,,,,,v,,R,*****,R,,,,,,,,,,,,,,,,,,,,,,,,,,,,,,,,,,,,,,,,,,,,,,,,,,,,,,,,,,,,,,,,,,
          ,,,,,,a*,,,,,v,,,,,,,,,,,,vRw**y**,R,,,,,,,,,,,,,,,,,,,,,,,,,,,,,,,,,,,,,,,,,,,,,,,,,,,,,,,,,,,,,,,,,,
          ,,,,,p**,a*,a*,,,,,,,,,,,,,R,,,,,,,R,,,,,,,,,,,,,,,,,,,,,,,,,,,,,,,,,,,,,,,,,,,,,,,,,,,,,,,,,,,,,,,,,,
          ,,,,,,,a***,**a*l,,,,,,,,,,R,,,,,,,R,,,,,,,,,,,,,,,,,,,,,,,,,,,,,,,,,,,,,,,,,,,,,,,,,,,,,,,,,,,,,,,,,,
          ,,,,,,,**,a*b,**,a*,b,,,,,,errn,NrrE,,,,,,,,,,,,,,,,,,,,,,,,,,,,,,,,,,,,,,,,,,,,,,,,,,,,,,,,,,,,,,,,,,
          ,,,,,,,,,,**,,,a***,,,x*,,,,,,w,,vz,,,,,,,,,,,,,,,,,,,,,,,,,,,,,,,,,,,,,,,,,,,,,,,,,,,,,,,,,,,,,,,,,,,
          ,,,,,,,,,,,pj*b**ba*,,**,,,,,,,,,,,,,,,,,,,,,,,,,,,,,,,,,,,,,,,,,,,,,,,,,,,,,,,,,,,,,,,,,,,,,,,,,,,,,,
          ,,,,,,,,,,,,**b,a***l,,,,,,,,,,,,,,,,,,,,,,,,,,,,,,,,,,,,,,,,,,,,,,,,,,,,,,,,,,,,,,,,,,,,,,,,,,,,,,,,,
          ,,,,,,,,,,,,,b,,**w,,,,,,,,,,,,,,,,,,,,,,,,,,,,,,,,,,,,,,,,,,,,,,,,,,,,,,,,,,,,,,,,,,,,,,,,,,,,,,,,,,,
          ,,,,,,,,,,,,,,,,,,,i*,,,,,,,,,,f**,,,,,,,,,,,,,,,,,,,,,,,,,,,,,,,,,,,,,,,,,,,,,,,,,,,,,,,,,,,,,,,,,,,,
          ,,,,,,,,,,,,,,,,,,,**,,,,,,,,,,***,,,,,,,,,,,,,,,,,,,,,,,,,,,,,,,,,,,,,,,,,,,,,,,,,,,,,,,,,,,,,,,,,,,,
          ,,,,,,,,,,,,,,,,,a*,,,,,,,,,,,,***,,,,,,,,,,,,,,,,,,,,,,,,,,,,,,,,,,,,,,,,,,,,,,,,,,,,,,,,,,,,,,,,,,,,
          ,,,,,,,,,,,,,,,,,**,,,,,,,,,,,,,,,,,,,,,,,,,,,,,,,,,,,,,,,,,,,,,,,,,,,,,,,,,,,,,,,,,,,,,,,,,,,,,,,,,,,
          ,,,,,,,,,,,,,,,,,,,,,,,,,,,,,,,,,,,,,,,,,,,,,,,,,,,,,,,,,,,,,,,,,,,,,,,,,,,,,,,,,,,,,,,,,,,,,,,,,,,,,,
          ,,,,,,,,,,,,,,,,,,,,,,,,,,,,,,,,,,,,,,,,,,,,,,,,,,,,,,,,,,,,,,,,,,,,,,,,,,,,,,,,,,,,,,,,,,,,,,,,,,,,,,
          ,,,,,,,,,,,,,,,,,,,,,,,,,,,,,,,,,,,,,,,,,,,,,,,,,,,,,,,,,,,,,,,,,,,,,,,,,,,,,,,,,,,,,,,,,,,,,,,,,,,,,,
          ,,,,,,,,,,,,,,,,,,,,,,,,,,,,,,,,,,,,,,,,,,,,,,,,,,,,,,,,,,,,,,,,,,,,,,,,,,,,,,,,,,,,,,,,,,,,,,,,,,,,,,
          ,,,,,,,,,,,,,,,,,,,,,,,,,,,,,,,,,,,,,,,,,,,,,,,,,,,,,,,,,,,,,,,,,,,,,,,,,,,,,,,,,,,,,,,,,,,,,,,,,,,,,,
          ,,,,,,,,,,,,,,,,,,,,,,,,,,,,,,,,,,,,,,,,,,,,,,,,,,,,,,,,,,,,,,,,,,,,,,,,,,,,,,,,,,,,,,,,,,,,,,,,,,,,,,
          ,,,,,,,,,,,,,,,,,,,,,,,,,,,,,,,,,,,,,,,,,,,,,,,,,,,,,,,,,,,,,,,,,,,,,,,,,,,,,,,,,,,,,,,,,,,,,,,,,,,,,,
          ,,,,,,,,,,,,,,,,,,,,,,,,,,,,,,,,,,,,,,,,,,,,,,,,,,,,,,,,,,,,,,,,,,,,,,,,,,,,,,,,,,,,,,,,,,,,,,,,,,,,,,
          ,,,,,,,,,,,,,,,,,,,,,,,,,,,,,,,,,,,,,,,,,,,,,,,,,,,,,,,,,,,,,,,,,,,,,,,,,,,,,,,,,,,,,,,,,,,,,,,,,,,,,,
          ,,,,,,,,,,,,,,,,,,,,,,,,,,,,,,,,,,,,,,,,,,,,,,,,,,,,,,,,,,,,,,,,,,,,,,,,,,,,,,,,,,,,,,,,,,,,,,,,,,,,,,

[.]
name = grass1
tile = 0, 0

[;]
name = grass_trail
replace = .
tile = 1, 4
tl = 0, 3
t = 1, 3
tr = 2, 3
l = 0, 4
r = 2, 4
bl = 0, 5
b = 1, 5
br = 2, 5
tlcorner = 1, 6
trcorner = 0, 6
blcorner = 1, 7
brcorner = 0, 7

[z]
name = mithridas
mob = true
tileset = mithridas.png

[r]
name = bush_horizontal
tile = 2, 13
block = true

[R]
name = bush_vertical
tile = 1, 14
block = true

[e]
name = bush_bl_corner
tile = 1, 15
block = true

[E]
name = bush_br_corner
tile = 3, 15
block = true

[s]
name = bush_tl_corner
tile = 1, 13
block = true

[S]
name = bush_tr_corner
tile = 3, 13
block = true

[n]
name = bush_l_end
tile = 1, 16
block = true

[N]
name = bush_r_end
tile = 0, 16
block = true

[y]
name = door
warp = midgaard/house1.map
to = 5, 3

[f]
name = fountain
tile_from = 22, 9
tile_to = 32, 12
frames = 3
block = true

[x]
name = stump
tile_from = 31, 3
tile_to = 33, 5
block = true

[a]
name = tree
tile_from = 5, 16
tile_to = 7, 18
block = true

[i]
name = rock
tile_from = 9, 11
tile_to = 11, 13
block = true

[j]
name = rock2
tile_from = 4, 1
tile_to = 6, 3
block = true

[l]
name = rock3
tile = 7, 5
block = true

[p]
name = rock4
tile = 8, 5
block = true

[*]
name = blocker
block = true

[,]
name = transparent

[h]
name = house
tile_from = 6, 0
tile_to = 11, 5
foreground = true

[b]
name = flowers1
tile = 3, 11

[w]
name = flowers2
tile = 3, 12

[v]
name = flowers3
tile = 2, 12
