[level]
tileset = overworld.png
map     = ......................................................................................................
          ......................................................................................................
          ......................................................................................................
          ......................................................................................................
          ......................................................................................................
          ......................................................................................................
          ......................................................................................................
          ......................................................................................................
          ......................................................................................................
          ......................................................................................................
          ......................................................................................................
          ......................................................................................................
          ......................................................................................................
          .;;;;;;;;.............................................................................................
          ........;;;;;;........................................................................................
          .............;;;;;;;;.................................................................................
          ....................;;;...............................................................................
          .....................;;;;.............................................................................
          ........................;;............................................................................
          .........................;............................................................................
          .........................;;;;;;;;;;;;;;;;;;;;;;;;;;;;;;;;;;;;;;;;;;;;;;;;;;;;;;;;.....................
          ............................;........................;;...............................................
          ............................;........................;;...............................................
          ............................;.........................;...............................................
          ..........................;;;.........................;...............................................
          ..........................;...........................;...............................................
          .........................;;...........................;...............................................
          ........................;;............................;...............................................
          ......................;;;;............................;...............................................
          ......................;;;;............................;...............................................
          ......................;;;;;;;;;;;;;;;;................................................................
          .................;....;...............................................................................
          .................;;;;;;...............................................................................
          ......................;...............................................................................
          ......................;...............................................................................
          ......................;...............................................................................
          ......................;...............................................................................
          ......................;......;........................................................................
          ......................;;;;;;;;........................................................................
          ......................................................................................................
          ......................................................................................................
          ......................................................................................................

objects = ,,,,,,,,,,,,,,,,,,,,,,,,,,,,,,,,,,,,,,,,,,,,,,,,,,,,,,,,,,,,,,,,,,,,,,,,,,,,,,,,,,,,,,,,,,,,,,,,,,,,,,
          ,,,,,,,,,,,,,,,,,,,,,,,,,,,,,,,,,,,,,,,,,,,,,,,,,,,,,,,,,,,,,,,,,,,,,,,,,,,,,,,,,,,,,,,,,,,,,,,,,,,,,,
          ,,,,,,,,,,,,,,,,,,,,,,,,,,,,,,,,,,,,,,,,,,,,,,,,,,,,,,,,,,,,,,,,,,,,,,,,,,,,,,,,,,,,,,,,,,,,,,,,,,,,,,
          ,,,,,,,,,,,,,,,,,,,,,,,,,,,,,,,,,,,,,,,,,,,,,,,,,,,,,,,,,,,,,,,,,,,,,,,,,,,,,,,,,,,,,,,,,,,,,,,,,,,,,,
          ,,,,,,,,,,,a*,,,,,,,,,,,,,,,,,,,,,,,,,,,,,,,,,,,,,,,,,,,,,,,,,,,,,,,,,,,,,,,,,,,,,,,,,,,,,,,,,,,,,,,,,
          ,,,,,,,,,,,**,,,j*,,,,,,,a*,,,,,,,,,,,,,,,,,,,,,,,,,,,,,,,,,,,,,,,,,,,,,,,,,,,,,,,,,,,,,,,,,,,,,,,,,,,
          ,,,,,,,,a*,,,,,v**,a*,,,,**,,,,,,,,,,,,,,,,,,,,,,,,,,,,,,,,,,,,,,,,,,,,,,,,,,,,,,,,,,,,,,,,,,,,,,,,,,,
          ,,,a*,,o**,i*a*wba***,i*,o,,,,,,,,,,,,,,,,,,,,,,,,,,,,,,,,,,,,,,,,,,,,,,,,,,,,,,,,,,,,,,,,,,,,,,,,,,,,
          ,,,**,a*,,,****a***,,p**a*,,,,,,,,,,,,,,,,,,,,,,,,,,,,,,,,,,,,,,,,,,,,,,,,,,,,,,,,,,,,,,,,,,,,,,,,,,,,
          ,,a*a***v,a*,a***a*a*,,,**l,,,,,,,,,,,,,,,,,,,,,,,,,,,,,,,,,,,,,,,,,,,,,,,,,,,,,,,,,,,,,,,,,,,,,,,,,,,
          ,,****,va***w**v,****,a*,,,gg,,,,,gg,,,,,,,,,,,,,,,,,,,,,,,,,,,,,,,,,,,,,,,,,,,,,,,,,,,,,,,,,,,,,,,,,,
          ,,,,,,,,**a*,,,,b,a*,,**o,,g,h,,,,,g,,,,,,,,,,,,,,,,,,,,,,,,,,,,,,,,,,,,,,,,,,,,,,,,,,,,,,,,,,,,,,,,,,
          ,,,,,,,,,,**,,,oa***,,,,w,,g,,,,,,,g,,,,,,,,,,,,,,,,,,,,,,,,,,,,,,,,,,,,,,,,,,,,,,,,,,,,,,,,,,,,,,,,,,
          ,,,,,,,,,,,,,,,,**w,,,,ov,,g,*****,g,,,,,,,,,,,,,,,,,,,,,,,,,,,,,,,,,,,,,,,,,,,,,,,,,,,,,,,,,,,,,,,,,,
          ,,,,,,a*,,,,,,,,,,,,,,,,,,vgw*****,g,,,,,,,,,,,,,,,,,,,,,,,,,,,,,,,,,,,,,,,,,,,,,,,,,,,,,,,,,,,,,,,,,,
          ,,,,bp**,a*,a*,,,,,,,,,,,,,g,**y**,g,,,,,,,,,,,,,,,,,,,,,,,,,,,,,,,,,,,,,,,,,,,,,,,,,,,,,,,,,,,,,,,,,,
          ,,,,a*,a***,**a*lo,,,,,,,,,g,,,,,,,g,,,,,,,,,,,,,,,,,,,,,,,,,,,,,,,,,,,,,,,,,,,,,,,,,,,,,,,,,,,,,,,,,,
          ,,,,**,**,a*b,**,a*,,,,,,,,gggg,gggg,,,,,,,,,,,,,,,,,,,,,,,,,,,,,,,,,,,,,,,,,,,,,,,,,,,,,,,,,,,,,,,,,,
          ,,,,,,,,,,**,,,a***,,,,,,,,,,,w,,vz,,,,,,,,,,,,,,,,,,,,,,,,,,,,,,,,,,,,,,,,,,,,,,,,,,,,,,,,,,,,,,,,,,,
          ,,,,,,,,,,,pj*b**ba*w,,,,,,,,,,,,,,,,,,,,,,,,,,,,,,,,,,,,,,,,,,,,,,,,,,,,,,,,,,,,,,,,,,,,,,,,,,,,,,,,,
          ,,,,,,,,,,,,**b,a***lox*,,,,,,,,,,,,,,,,,,,,,,,,,,,,,,,,,,,,,,,,,,,,,,,,,,,,,,,,,,,,,,,,,,,,,,,,,,,,,,
          ,,,,,,,,,,,,,b,,**wob,**,,,,,,,,,,,,,,,,,,,,,,,,,,,,,,,,,,,,,,,,,,,,,,,,,,,,,,,,,,,,,,,,,,,,,,,,,,,,,,
          ,,,,,,,,,,,,,,,,,,,i*,,,,,,,,,,cc,,,cc,,,,,,,,,h,,,,,,,,,,,,,,,,,,,,,,,,,,,,,,,,,,,,,,,,,,,,,,,,,,,,,,
          ,,,,,,,,,,,,,,,,,,o**,,,,,,,,,,c,,,,,c,,,,,,,,,,,,,,,,,,,,,,,,,,,,,,,,,,,,,,,,,,,,,,,,,,,,,,,,,,,,,,,,
          ,,,,,,,,,,,,,,,,,a*,,,,,,,,,,,,,,f**,,,,,,,,,,,,*****,,,,,,,,,,,,,,,,,,,,,,,,,,,,,,,,,,,,,,,,,,,,,,,,,
          ,,,,,,,,,,,,,,,,,**,,,,,,,,,,,,,,***,,,,,,,,,,,,*****,,,,,,,,,,,,,,,,,,,,,,,,,,,,,,,,,,,,,,,,,,,,,,,,,
          ,,,,,,,,,,,,,,,h,,,,,,,,,,,,,,,,,***,,,,,,,,,,,,**y**,,,,,,,,,,,,,,,,,,,,,,,,,,,,,,,,,,,,,,,,,,,,,,,,,
          ,,,,,,,,,,,,,,,,,,,,,,,,,,,,,,,c,,,,,c,,,,,,,,,,,,,,,,,,,,,,,,,,,,,,,,,,,,,,,,,,,,,,,,,,,,,,,,,,,,,,,,
          ,,,,,,,,,,,,,,,*****,,,,,,,,,,,cc,,,cc,,,,,,,,,,,,,,,,,,,,,,,,,,,,,,,,,,,,,,,,,,,,,,,,,,,,,,,,,,,,,,,,
          ,,,,,,,,,,,,,,,*****,,,,,,,,,,,,,,,,,,,,,,,,,,,,,,,,,,,,,,,,,,,,,,,,,,,,,,,,,,,,,,,,,,,,,,,,,,,,,,,,,,
          ,,,,,,,,,,,,,,,**y**,,,,,,,,,,,,,,,,,,,,,,,,,,,,,,,,,,,,,,,,,,,,,,,,,,,,,,,,,,,,,,,,,,,,,,,,,,,,,,,,,,
          ,,,,,,,,,,,,,,,,,,,,,,,,,,,,,,,,,,,,,,,,,,,,,,,,,,,,,,,,,,,,,,,,,,,,,,,,,,,,,,,,,,,,,,,,,,,,,,,,,,,,,,
          ,,,,,,,,,,,,,,,,,,,,,,,,,,,h,,,,,,,,,,,,,,,,,,,,,,,,,,,,,,,,,,,,,,,,,,,,,,,,,,,,,,,,,,,,,,,,,,,,,,,,,,
          ,,,,,,,,,,,,,,,,,,,,,,,,,,,,,,,,,,,,,,,,,,,,,,,,,,,,,,,,,,,,,,,,,,,,,,,,,,,,,,,,,,,,,,,,,,,,,,,,,,,,,,
          ,,,,,,,,,,,,,,,,,,,,,,,,,,,*****,,,,,,,,,,,,,,,,,,,,,,,,,,,,,,,,,,,,,,,,,,,,,,,,,,,,,,,,,,,,,,,,,,,,,,
          ,,,,,,,,,,,,,,,,,,,,,,,,,,,*****,,,,,,,,,,,,,,,,,,,,,,,,,,,,,,,,,,,,,,,,,,,,,,,,,,,,,,,,,,,,,,,,,,,,,,
          ,,,,,,,,,,,,,,,,,,,,,,,,,,,**y**,,,,,,,,,,,,,,,,,,,,,,,,,,,,,,,,,,,,,,,,,,,,,,,,,,,,,,,,,,,,,,,,,,,,,,
          ,,,,,,,,,,,,,,,,,,,,,,,,,,,,,,,,,,,,,,,,,,,,,,,,,,,,,,,,,,,,,,,,,,,,,,,,,,,,,,,,,,,,,,,,,,,,,,,,,,,,,,
          ,,,,,,,,,,,,,,,,,,,,,,,,,,,,,,,,,,,,,,,,,,,,,,,,,,,,,,,,,,,,,,,,,,,,,,,,,,,,,,,,,,,,,,,,,,,,,,,,,,,,,,
          ,,,,,,,,,,,,,,,,,,,,,,,,,,,,,,,,,,,,,,,,,,,,,,,,,,,,,,,,,,,,,,,,,,,,,,,,,,,,,,,,,,,,,,,,,,,,,,,,,,,,,,
          ,,,,,,,,,,,,,,,,,,,,,,,,,,,,,,,,,,,,,,,,,,,,,,,,,,,,,,,,,,,,,,,,,,,,,,,,,,,,,,,,,,,,,,,,,,,,,,,,,,,,,,

[.]
name = grass1
tile = 0, 0

[;]
name = grass_trail
nice_edge = .
tile = 1, 4
tl = 0, 3
t = 1, 3
tr = 2, 3
l = 0, 4
r = 2, 4
bl = 0, 5
b = 1, 5
br = 2, 5
tlcorner = 1, 6
trcorner = 0, 6
blcorner = 1, 7
brcorner = 0, 7

[z]
name = mithridas
mob = true
tileset = mithridas.png

[o]
name = bush_single
tile = 2, 14
block = true

[g]
name = bush_line
line = true
h = 2, 13
v = 1, 14
l = 1, 16
r = 0, 16
t = 0, 14
b = 0, 15
bl = 1, 15
br = 3, 15
tl = 1, 13
tr = 3, 13
block = true

[c]
name = fence_line
line = true
block = true
h = 4, 19
v = 4, 18
l = 1, 19
r = 0, 19
t = 0, 17
b = 0, 18
bl = 2, 18
br = 3, 18
tl = 2, 17
tr = 3, 17

[y]
name = door
warp = midgaard/house1.map
to = 5, 3

[f]
name = fountain
tile_from = 22, 9
tile_to = 32, 12
frames = 3
block = true

[x]
name = stump
tile_from = 31, 3
tile_to = 33, 5
block = true

[a]
name = tree
tile_from = 5, 16
tile_to = 7, 18
block = true

[i]
name = rock
tile_from = 9, 11
tile_to = 11, 13
block = true

[j]
name = rock2
tile_from = 4, 1
tile_to = 6, 3
block = true

[l]
name = rock3
tile = 7, 5
block = true

[p]
name = rock4
tile = 8, 5
block = true

[*]
name = blocker
block = true

[,]
name = transparent

[h]
name = house
tile_from = 6, 0
tile_to = 11, 5
foreground = true

[b]
name = flowers1
tile = 3, 11

[w]
name = flowers2
tile = 3, 12

[v]
name = flowers3
tile = 2, 12
