[level]
tileset = overworld.png
map = ..........................................................................................
      ..........................................................................................
      ..........................................................................................
      ....$$$$$q................................................................................
      ....;;;;;@$q..............................................................................
      ....###!;;;@$q............................................................................
      .......Q!;;;;@q...........................................................................
      ........Q##!;;@q..........................................................................
      ...........Q!;;@$$$$$$$$$$$$$$$$$$$$......................................................
      ............Q!;;;;;;;;;;;;;;;;;;;;;;;;;;;;;;;;;;;;;;;;....................................
      .............Q#!;k#######################;;...............................................
      ...............j;J.......................;;...............................................
      ...............j;J........................;...............................................
      ..........................................;...............................................
      ..........................................;...............................................
      ..........................................;...............................................
      ..........................................................................................
      ..........................................................................................

objects = ,,,,,,,,,,,,,,,,,,,,,,,,,,,,,,,,,,,,,,,,,,,,,,,,,,,,,,,,,,,,,,,,,,,,,,,,,,,,,,,,,,,,,,,,,,
          ,,,,,,x*,,,,,,,,,,,,,,,,,,,,,,,,,,,,,,,,,,,,,,,,,,,,,,,,,,,,,,,,,,,,,,,,,,,,,,,,,,,,,,,,,,
          ,,,,,,**,,,,,,,,,,,,,,,,,,,,,,,,,,,,,,,,,,,,,,,,,,,,,,,,,,,,,,,,,,,,,,,,,,,,,,,,,,,,,,,,,,
          ,,,,,,,,,,,,,,,,,h****,,,,,,,,,,,,,,,,,,,,,,,,,,,,,,,,,,,,,,,,,,,,,,,,,,,,,,,,,,,,,,,,,,,,
          ,,,,,,,,,,,,,,,,,*****,,,,,,,,,,,,,,,,,,,,,,,,,,,,,,,,,,,,,,,,,,,,,,,,,,,,,,,,,,,,,,,,,,,,
          ,,,,,,,,,,,,,,,,,*****,,,,,,,,,,,,,,,,,,,,,,,,,,,,,,,,,,,,,,,,,,,,,,,,,,,,,,,,,,,,,,,,,,,,
          ,,,,,,,,,,,,,,,,,*****,,,,,,,,,,,,,,,,,,,,,,,,,,,,,,,,,,,,,,,,,,,,,,,,,,,,,,,,,,,,,,,,,,,,
          ,,,,,a*,,,,,,,,,,**y**,,,,,,,,,,,,,,,,,,,,,,,,,,,,,,,,,,,,,,,,,,,,,,,,,,,,,,,,,,,,,,,,,,,,
          ,,,,,**,,,,,,,,,,,,,,,,,,,,,,,,,,,,,,,,,,,,,,,,,,,,,,,,,,,,,,,,,,,,,,,,,,,,,,,,,,,,,,,,,,,
          ,,,,,,,,,,,,,,,,,,,,,,,,,,,,,,,,,,,,,,,,,,,,,,,,,,,,,,,,,,,,,,,,,,,,,,,,,,,,,,,,,,,,,,,,,,
          ,,,,,,,,,,,,,,,,,,,,,,,,,,,,,,,,,,,,,,,,,,,,,,,,,,,,,,,,,,,,,,,,,,,,,,,,,,,,,,,,,,,,,,,,,,
          ,,,,,,,,,,,,,,,,,,,,,,,,,,,,,,,,,,,,,,,,,,,,,,,,,,,,,,,,,,,,,,,,,,,,,,,,,,,,,,,,,,,,,,,,,,
          ,,,,,,,,,,,,,,,,,,,,,,,,,,,,,,,,,,,,,,,,,,,,,,,,,,,,,,,,,,,,,,,,,,,,,,,,,,,,,,,,,,,,,,,,,,
          ,,,,,,,,,,,,,,,,,,,,,,,,,,,,,,,,,,,,,,,,,,,,,,,,,,,,,,,,,,,,,,,,,,,,,,,,,,,,,,,,,,,,,,,,,,
          ,,,,,,,,,,,,,,,,,,,,,,,,,,,,,,,,,,,,,,,,,,,,,,,,,,,,,,,,,,,,,,,,,,,,,,,,,,,,,,,,,,,,,,,,,,
          ,,,,,,,,,,,,,,,,,,,,,,,,,,,,,,,,,,,,,,,,,,,,,,,,,,,,,,,,,,,,,,,,,,,,,,,,,,,,,,,,,,,,,,,,,,
          ,,,,,,,,,,,,,,,,,,,,,,,,,,,,,,,,,,,,,,,,,,,,,,,,,,,,,,,,,,,,,,,,,,,,,,,,,,,,,,,,,,,,,,,,,,
          ,,,,,,,,,,,,,,,,,,,,,,,,,,,,,,,,,,,,,,,,,,,,,,,,,,,,,,,,,,,,,,,,,,,,,,,,,,,,,,,,,,,,,,,,,,

[y]
name = door
warp = house.map
to = 5, 3

[x]
name = stump
tile_from = 31, 2
tile_to = 32, 3
block = true

[*]
name = blocker
block = true

[,]
name = transparent

[h]
name = house
tile_from = 6, -4
tile_to = 10, 0
block = true

[a]
name = tree
tile_from = 5, 15
tile_to = 6, 16
block = true

[.]
name = grass1
tile = 0, 0

[;]
name = grass_trail
tile = 1, 4

[!]
name = grass_trail_bl
tile = 1, 6

[@]
name = grass_trail_tr
tile = 0, 7

[#]
name = grass_trail_t
tile = 1, 5

[$]
name = grass_trail_b
tile = 1, 3

[q]
name = grass_trail_tr
tile = 2, 3

[Q]
name = grass_trail_bl
tile = 0, 5

[j]
name = grass_trail_l
tile = 0, 4

[J]
name = grass_trail_r
tile = 2, 4

[k]
name = grass_trail_round
tile = 0, 6